// Jest Snapshot v1, https://goo.gl/fbAQLP

exports[`Pruebas en Home view El componente debe renderizar correctamente 1`] = `<div class="home"><img alt="Vue logo" src=""><button class="btn btn-dark">Primary</button></div>`;
